// Vitest Snapshot v1, https://vitest.dev/guide/snapshot.html

exports[`PandaCSS Preset > matches the snapshot 1`] = `
{
  "name": "core",
  "theme": {
    "extend": {
      "tokens": {
        "colors": {
          "cobalt": {
            "100": {
              "value": "#D3D7EE",
            },
            "200": {
              "value": "#959CDE",
            },
            "300": {
              "value": "#5460C8",
            },
            "400": {
              "value": "#1020B9",
            },
            "50": {
              "value": "#EBEDF9",
            },
          },
        },
      },
    },
  },
}
`;
